<html>
<body>
<pre>
<h1>µVision Build Log</h1>
<h2>Tool Versions:</h2>
IDE-Version: µVision V5.38.0.0
Copyright (C) 2022 ARM Ltd and ARM Germany GmbH. All rights reserved.
License Information: Vsevolod Tomsov, TUM, LIC=----
 
Tool Versions:
Toolchain:       MDK-Lite  Version: 5.38.0.0
Toolchain Path:  C:\Keil_v5\ARM\ARMCLANG\Bin
C Compiler:      ArmClang.exe V6.19
Assembler:       Armasm.exe V6.19
Linker/Locator:  ArmLink.exe V6.19
Library Manager: ArmAr.exe V6.19
Hex Converter:   FromElf.exe V6.19
CPU DLL:         SARMCM3.DLL V5.38.0.0
Dialog DLL:      DCM.DLL V1.17.5.0
Target DLL:      STLink\ST-LINKIII-KEIL_SWO.dll V3.1.0.0
Dialog DLL:      TCM.DLL V1.56.4.0
 
<h2>Project:</h2>
D:\Novikov\projects\begining\begining.uvprojx
Project File Date:  10/31/2023

<h2>Output:</h2>
*** Using Compiler 'V6.19', folder: 'C:\Keil_v5\ARM\ARMCLANG\Bin'
Build target 'Target 1'
creating preprocessor file for MDR32FxQI_port.c...
creating preprocessor file for main.c...
creating preprocessor file for system_MDR32F9Q2I.c...
creating preprocessor file for MDR32FxQI_rst_clk.c...
main.c(2): warning: In file included from...
C:/Users/PC_88/AppData/Local/Arm/Packs/Milandr/MDR32FxQI/1.1/Libraries/SPL/MDR32FxQI/inc\MDR32FxQI_port.h(32): warning: In file included from...
./RTE/Device/MDR32F9Q2I\MDR32FxQI_config.h(76): warning: In file included from...
C:/Users/PC_88/AppData/Local/Arm/Packs/Milandr/MDR32FxQI/1.1/Libraries/CMSIS/MDR32FxQI/DeviceSupport/MDR32F9Q2I/inc\MDR32F9Q2I.h(79): warning: In file included from...
C:/Users/PC_88/AppData/Local/Arm/Packs/Milandr/MDR32FxQI/1.1/Libraries/CMSIS/MDR32FxQI/CoreSupport/CM3\core_cm3.h(130): warning: "Compiler generates FPU instructions for a device without an FPU (check __FPU_PRESENT)" [-W#warnings]
    #warning "Compiler generates FPU instructions for a device without an FPU (check __FPU_PRESENT)"
     ^
1 warning generated.
compiling main.c...
linking...
Program Size: Code=1116 RO-data=224 RW-data=4 ZI-data=1632  
FromELF: creating hex file...
".\Objects\begining.axf" - 0 Error(s), 1 Warning(s).

<h2>Software Packages used:</h2>

Package Vendor: Milandr
                https://ic.milandr.ru/soft/Milandr.MDR32FxQI.1.1.pack
                Milandr.MDR32FxQI.1.1
                Milandr MDR32FxQI Series Device Support, Drivers and Examples
   * Component: Startup Version: 2.1.0i
   * Component: PORT Version: 2.0.3i
   * Component: RST_CLK Version: 2.0.3i

<h2>Collection of Component include folders:</h2>
  ./RTE/Device/MDR32F9Q2I
  ./RTE/_Target_1
  C:/Users/PC_88/AppData/Local/Arm/Packs/Milandr/MDR32FxQI/1.1/Libraries/CMSIS/MDR32FxQI/CoreSupport/CM3
  C:/Users/PC_88/AppData/Local/Arm/Packs/Milandr/MDR32FxQI/1.1/Libraries/CMSIS/MDR32FxQI/DeviceSupport/MDR32F9Q2I/inc
  C:/Users/PC_88/AppData/Local/Arm/Packs/Milandr/MDR32FxQI/1.1/Libraries/SPL/MDR32FxQI/inc

<h2>Collection of Component Files used:</h2>

   * Component: Milandr::Device:Startup:2.1.0i
      Source file:   Libraries/CMSIS/MDR32FxQI/DeviceSupport/MDR32F9Q2I/startup/system_MDR32F9Q2I.c
      Include file:  Libraries/SPL/MDR32FxQI/inc/IRQ_Handler_Template/MDR32F9Q2I_IT.h
      Include file:  Libraries/SPL/MDR32FxQI/MDR32FxQI_config.h
      Include file:  Libraries/CMSIS/MDR32FxQI/DeviceSupport/MDR32F9Q2I/startup/system_MDR32F9Q2I.h
      Include file:  Libraries/CMSIS/MDR32FxQI/DeviceSupport/MDR32F9Q2I/inc/MDR32F9Q2I.h
      Source file:   Libraries/SPL/MDR32FxQI/src/IRQ_Handler_Template/MDR32F9Q2I_IT.c
      Source file:   Libraries/CMSIS/MDR32FxQI/DeviceSupport/MDR32F9Q2I/startup/arm/startup_MDR32F9Q2I.S
      Include file:  Libraries/CMSIS/MDR32FxQI/CoreSupport/CM3/core_cm3.h

   * Component: Milandr::Drivers:PORT:2.0.3i
      Source file:   Libraries/SPL/MDR32FxQI/src/MDR32FxQI_port.c
      Include file:  Libraries/SPL/MDR32FxQI/inc/MDR32FxQI_port.h

   * Component: Milandr::Drivers:RST_CLK:2.0.3i
      Source file:   Libraries/SPL/MDR32FxQI/src/MDR32FxQI_rst_clk.c
      Include file:  Libraries/SPL/MDR32FxQI/inc/MDR32FxQI_rst_clk.h
Build Time Elapsed:  00:00:00
</pre>
</body>
</html>
