<html>
<body>
<pre>
<h1>µVision Build Log</h1>
<h2>Tool Versions:</h2>
IDE-Version: µVision V5.38.0.0
Copyright (C) 2022 ARM Ltd and ARM Germany GmbH. All rights reserved.
License Information: Vsevolod Tomsov, TUM, LIC=----
 
Tool Versions:
Toolchain:       MDK-Lite  Version: 5.38.0.0
Toolchain Path:  C:\Keil_v5\ARM\ARMCLANG\Bin
C Compiler:      ArmClang.exe V6.19
Assembler:       Armasm.exe V6.19
Linker/Locator:  ArmLink.exe V6.19
Library Manager: ArmAr.exe V6.19
Hex Converter:   FromElf.exe V6.19
CPU DLL:         SARMCM3.DLL V5.38.0.0
Dialog DLL:      DCM.DLL V1.17.5.0
Target DLL:      STLink\ST-LINKIII-KEIL_SWO.dll V3.1.0.0
Dialog DLL:      TCM.DLL V1.56.4.0
 
<h2>Project:</h2>
D:\Novikov\projects\two_ADC\uvision works read from ADC0\Blank.uvprojx
Project File Date:  10/17/2023

<h2>Output:</h2>
*** Using Compiler 'V6.19', folder: 'C:\Keil_v5\ARM\ARMCLANG\Bin'
Build target 'Target 1'
creating preprocessor file for MDR32F9Qx_bkp.c...
creating preprocessor file for MDR32F9Qx_comp.c...
creating preprocessor file for main.c...
creating preprocessor file for MDR32F9Qx_audio.c...
creating preprocessor file for MDR32F9Qx_can.c...
creating preprocessor file for MDR32F9Qx_adc.c...
creating preprocessor file for MDR32F9Qx_dma.c...
creating preprocessor file for MDR32F9Qx_arinc429r.c...
creating preprocessor file for system_MDR32F9Qx.c...
creating preprocessor file for MDR32F9Qx_dac.c...
creating preprocessor file for MDR32F9Qx_arinc429t.c...
creating preprocessor file for MDR32F9Qx_ebc.c...
creating preprocessor file for MDR32F9Qx_dsp.c...
creating preprocessor file for MDR32F9Qx_eth.c...
creating preprocessor file for MDR32F9Qx_eeprom.c...
creating preprocessor file for MDR32F9Qx_i2c.c...
creating preprocessor file for MDR32F9Qx_iwdg.c...
creating preprocessor file for MDR32F9Qx_keypad.c...
creating preprocessor file for MDR32F9Qx_led.c...
creating preprocessor file for MDR32F9Qx_mil_std_1553.c...
creating preprocessor file for MDR32F9Qx_port.c...
creating preprocessor file for MDR32F9Qx_power.c...
creating preprocessor file for MDR32F9Qx_rst_clk.c...
creating preprocessor file for MDR32F9Qx_sdio.c...
creating preprocessor file for MDR32F9Qx_ssp.c...
creating preprocessor file for MDR32F9Qx_timer.c...
creating preprocessor file for MDR32F9Qx_uart.c...
creating preprocessor file for MDR32F9Qx_usb.c...
creating preprocessor file for MDR32F9Qx_wwdg.c...
creating preprocessor file for MDR32F9Qx_usb_CDC.c...
creating preprocessor file for MDR32F9Qx_usb_device.c...
creating preprocessor file for retarget_io.c...
linking...
Program Size: Code=12704 RO-data=776 RW-data=92 ZI-data=25424  
FromELF: creating hex file...
".\Objects\Blank.axf" - 0 Error(s), 0 Warning(s).

<h2>Software Packages used:</h2>

Package Vendor: ARM
                http://www.keil.com/pack/ARM.CMSIS.5.9.0.pack
                ARM.CMSIS.5.9.0
                CMSIS (Common Microcontroller Software Interface Standard)
   * Component: CORE Version: 5.6.0

Package Vendor: Milandr
                https://ic.milandr.ru/soft/Milandr.MDR32FxQI.1.1.pack
                Milandr.MDR32FxQI.1.1
                Milandr MDR32FxQI Series Device Support, Drivers and Examples

Package Vendor: Keil
                https://www.keil.com/pack/Keil.ARM_Compiler.1.7.2.pack
                Keil.ARM_Compiler.1.7.2
                Keil ARM Compiler extensions for ARM Compiler 5 and ARM Compiler 6
   * Component: STDERR Variant: ITM Version: 1.2.0
   * Component: STDIN Variant: ITM Version: 1.2.0
   * Component: STDOUT Variant: ITM Version: 1.2.0

<h2>Collection of Component include folders:</h2>
  ./RTE/_Target_1
  C:/Users/PC_88/AppData/Local/Arm/Packs/ARM/CMSIS/5.9.0/CMSIS/Core/Include
  C:/Users/PC_88/AppData/Local/Arm/Packs/Milandr/MDR32FxQI/1.1/Libraries/CMSIS/MDR32FxQI/DeviceSupport/MDR32F9Q2I/inc

<h2>Collection of Component Files used:</h2>

   * Component: ARM::CMSIS:CORE:5.6.0

   * Component: Keil.ARM Compiler::Compiler:I/O:STDERR:ITM:1.2.0
      Source file:   Source/retarget_io.c

   * Component: Keil.ARM Compiler::Compiler:I/O:STDIN:ITM:1.2.0
      Source file:   Source/retarget_io.c

   * Component: Keil.ARM Compiler::Compiler:I/O:STDOUT:ITM:1.2.0
      Source file:   Source/retarget_io.c
Build Time Elapsed:  00:00:01
</pre>
</body>
</html>
