Component: Arm Compiler for Embedded 6.19 Tool: armlink [5e73cb00]

==============================================================================

Image component sizes


      Code (inc. data)   RO Data    RW Data    ZI Data      Debug   Object Name

       498          0          0          0        218      12980   main.o
       282          0          0          0          0      12168   mdr32f9qx_adc.o
       288          0          0          0          0       5135   mdr32f9qx_port.o
       260          0          0          0          0      14017   mdr32f9qx_rst_clk.o
       330          0          0          0          0      11167   mdr32f9qx_usb.o
       612         34          0         85         20       7425   mdr32f9qx_usb_cdc.o
      2856         26          0          0        202      22194   mdr32f9qx_usb_device.o
        64         26        192          0      24576        912   startup_mdr32f9qx.o
       148          0          0          4          0       1843   system_mdr32f9qx.o

    ----------------------------------------------------------------------
      5404         86        224         92      25024      87841   Object Totals
         0          0         32          0          0          0   (incl. Generated)
        66          0          0          3          8          0   (incl. Padding)

    ----------------------------------------------------------------------

      Code (inc. data)   RO Data    RW Data    ZI Data      Debug   Library Member Name

         8          0          0          0          0         68   __main.o
         0          0          0          0          0          0   __rtentry.o
        12          0          0          0          0          0   __rtentry2.o
         6          0          0          0          0          0   __rtentry4.o
        52          8          0          0          0          0   __scatter.o
        26          0          0          0          0          0   __scatter_copy.o
        28          0          0          0          0          0   __scatter_zi.o
        18          0          0          0          0         80   exit.o
         6          0          0          0          0        152   heapauxi.o
         0          0          0          0          0          0   indicate_semi.o
         2          0          0          0          0          0   libinit.o
         2          0          0          0          0          0   libinit2.o
         2          0          0          0          0          0   libshutdown.o
         2          0          0          0          0          0   libshutdown2.o
         8          4          0          0         96         68   libspace.o
         2          0          0          0          0          0   rtexit.o
        10          0          0          0          0          0   rtexit2.o
        12          4          0          0          0         68   sys_exit.o
        74          0          0          0          0         80   sys_stackheap_outer.o
         2          0          0          0          0         68   use_no_semi.o

    ----------------------------------------------------------------------
       280         16          0          0         96        584   Library Totals
         8          0          0          0          0          0   (incl. Padding)

    ----------------------------------------------------------------------

      Code (inc. data)   RO Data    RW Data    ZI Data      Debug   Library Name

       272         16          0          0         96        584   c_w.l

    ----------------------------------------------------------------------
       280         16          0          0         96        584   Library Totals

    ----------------------------------------------------------------------

==============================================================================


      Code (inc. data)   RO Data    RW Data    ZI Data      Debug   

      5684        102        224         92      25120      88177   Grand Totals
      5684        102        224         92      25120      88177   ELF Image Totals
      5684        102        224         92          0          0   ROM Totals

==============================================================================

    Total RO  Size (Code + RO Data)                 5908 (   5.77kB)
    Total RW  Size (RW Data + ZI Data)             25212 (  24.62kB)
    Total ROM Size (Code + RO Data + RW Data)       6000 (   5.86kB)

==============================================================================

